******************************************************************************
                  TI ARM Linker PC v15.12.7                    
******************************************************************************
>> Linked Thu Oct 11 17:43:03 2018

OUTPUT FILE NAME:   <Crapstone_v1.out>
ENTRY POINT SYMBOL: "_c_int00"  address: 00000725


MEMORY CONFIGURATION

         name            origin    length      used     unused   attr    fill
----------------------  --------  ---------  --------  --------  ----  --------
  MAIN                  00000000   00040000  000008da  0003f726  R  X
  INFO                  00200000   00004000  00000000  00004000  R  X
  SRAM_CODE             01000000   00010000  0000025d  0000fda3  RW X
  SRAM_DATA             20000000   00010000  0000025d  0000fda3  RW  


SEGMENT ALLOCATION MAP

run origin  load origin   length   init length attrs members
----------  ----------- ---------- ----------- ----- -------
00000000    00000000    000008dc   000008dc    r-x
  00000000    00000000    000000e4   000000e4    r-- .intvecs
  000000e4    000000e4    000007b2   000007b2    r-x .text
  00000898    00000898    00000044   00000044    r-- .cinit
20000000    20000000    00000060   00000000    rw-
  20000000    20000000    00000041   00000000    rw- .bss
  20000044    20000044    0000001c   00000000    rw- .data
2000fe00    2000fe00    00000200   00000000    rw-
  2000fe00    2000fe00    00000200   00000000    rw- .stack


SECTION ALLOCATION MAP

 output                                  attributes/
section   page    origin      length       input sections
--------  ----  ----------  ----------   ----------------
.intvecs   0    00000000    000000e4     
                  00000000    000000e4     startup_msp432p401r_ccs.obj (.intvecs:retain)

.binit     0    00000000    00000000     

.text      0    000000e4    000007b2     
                  000000e4    0000032c     system_msp432p401r.obj (.text)
                  00000410    00000120     adc.obj (.text)
                  00000530    0000009c     rtsv7M4_T_le_v4SPD16_eabi.lib : memcpy_t2.obj (.text)
                  000005cc    0000007a                                   : memset_t2.obj (.text)
                  00000646    00000002                                   : mpu_init.obj (.text)
                  00000648    00000070                                   : autoinit.obj (.text)
                  000006b8    0000006a                                   : copy_decompress_rle.obj (.text)
                  00000722    00000002                                   : startup.obj (.text)
                  00000724    00000054                                   : boot.obj (.text)
                  00000778    00000054                                   : exit.obj (.text)
                  000007cc    0000004c                                   : cpy_tbl.obj (.text)
                  00000818    0000002c     main.obj (.text)
                  00000844    00000018     rtsv7M4_T_le_v4SPD16_eabi.lib : args_main.obj (.text)
                  0000085c    00000014                                   : _lock.obj (.text)
                  00000870    0000000e                                   : copy_decompress_none.obj (.text:decompress:none)
                  0000087e    0000000e     startup_msp432p401r_ccs.obj (.text)
                  0000088c    00000006     rtsv7M4_T_le_v4SPD16_eabi.lib : copy_decompress_rle.obj (.text:decompress:rle24)
                  00000892    00000004                                   : pre_init.obj (.text)

.cinit     0    00000898    00000044     
                  00000898    0000001a     (.cinit..data.load) [load image, compression = rle]
                  000008b2    00000006     --HOLE-- [fill = 0]
                  000008b8    00000009     (.cinit..bss.load) [load image, compression = rle]
                  000008c1    00000003     --HOLE-- [fill = 0]
                  000008c4    00000008     (__TI_handler_table)
                  000008cc    00000010     (__TI_cinit_table)

.init_array 
*          0    00000000    00000000     UNINITIALIZED

.bss       0    20000000    00000041     UNINITIALIZED
                  20000000    00000010     (.common:A0results)
                  20000010    00000010     (.common:A1results)
                  20000020    00000010     (.common:A2results)
                  20000030    00000010     (.common:A3results)
                  20000040    00000001     adc.obj (.bss)

.data      0    20000044    0000001c     UNINITIALIZED
                  20000044    0000000c     rtsv7M4_T_le_v4SPD16_eabi.lib : exit.obj (.data:$O1$$)
                  20000050    00000008                                   : _lock.obj (.data:$O1$$)
                  20000058    00000004                                   : stkdepth_vars.obj (.data)
                  2000005c    00000004     system_msp432p401r.obj (.data)

.stack     0    2000fe00    00000200     UNINITIALIZED
                  2000fe00    00000200     --HOLE--

MODULE SUMMARY

       Module                        code   ro data   rw data
       ------                        ----   -------   -------
    .\
       system_msp432p401r.obj        812    0         8      
       adc.obj                       288    0         130    
       startup_msp432p401r_ccs.obj   14     228       0      
       main.obj                      44     0         0      
    +--+-----------------------------+------+---------+---------+
       Total:                        1158   228       138    
                                                             
    C:\ti\ccsv6\tools\compiler\ti-cgt-arm_15.12.7.LTS\lib\rtsv7M4_T_le_v4SPD16_eabi.lib
       memcpy_t2.obj                 156    0         0      
       memset_t2.obj                 122    0         0      
       autoinit.obj                  112    0         0      
       copy_decompress_rle.obj       112    0         0      
       exit.obj                      84     0         24     
       boot.obj                      84     0         0      
       cpy_tbl.obj                   76     0         0      
       _lock.obj                     20     0         16     
       args_main.obj                 24     0         0      
       copy_decompress_none.obj      14     0         0      
       stkdepth_vars.obj             0      0         8      
       pre_init.obj                  4      0         0      
       mpu_init.obj                  2      0         0      
       startup.obj                   2      0         0      
    +--+-----------------------------+------+---------+---------+
       Total:                        812    0         48     
                                                             
       Stack:                        0      0         1024   
       Linker Generated:             0      59        0      
    +--+-----------------------------+------+---------+---------+
       Grand Total:                  1970   287       1210   


LINKER GENERATED COPY TABLES

__TI_cinit_table @ 000008cc records: 2, size/record: 8, table size: 16
	.data: load addr=00000898, load size=0000001a bytes, run addr=20000044, run size=0000001c bytes, compression=rle
	.bss: load addr=000008b8, load size=00000009 bytes, run addr=20000000, run size=00000041 bytes, compression=rle


LINKER GENERATED HANDLER TABLE

__TI_handler_table @ 000008c4 records: 2, size/record: 4, table size: 8
	index: 0, handler: __TI_decompress_rle24
	index: 1, handler: __TI_decompress_none


GLOBAL SYMBOLS: SORTED ALPHABETICALLY BY Name 

address   name                           
-------   ----                           
20000000  A0results                      
20000010  A1results                      
20000020  A2results                      
20000030  A3results                      
00000489  ADC14_IRQHandler               
00000489  ADC14_IRQHandler               
0000088b  AES256_IRQHandler              
0000088b  BusFault_Handler               
00000779  C$$EXIT                        
0000088b  COMP_E0_IRQHandler             
0000088b  COMP_E1_IRQHandler             
0000088b  CS_IRQHandler                  
00000439  ConfigureADC                   
0000088b  DMA_ERR_IRQHandler             
0000088b  DMA_INT0_IRQHandler            
0000088b  DMA_INT1_IRQHandler            
0000088b  DMA_INT2_IRQHandler            
0000088b  DMA_INT3_IRQHandler            
0000088b  DebugMon_Handler               
0000088b  Default_Handler                
0000088b  EUSCIA0_IRQHandler             
0000088b  EUSCIA1_IRQHandler             
0000088b  EUSCIA2_IRQHandler             
0000088b  EUSCIA3_IRQHandler             
0000088b  EUSCIB0_IRQHandler             
0000088b  EUSCIB1_IRQHandler             
0000088b  EUSCIB2_IRQHandler             
0000088b  EUSCIB3_IRQHandler             
0000088b  FLCTL_IRQHandler               
0000088b  FPU_IRQHandler                 
0000088b  HardFault_Handler              
0000088b  MemManage_Handler              
0000088b  NMI_Handler                    
0000088b  PCM_IRQHandler                 
0000088b  PORT1_IRQHandler               
0000088b  PORT2_IRQHandler               
0000088b  PORT3_IRQHandler               
0000088b  PORT4_IRQHandler               
0000088b  PORT5_IRQHandler               
0000088b  PORT6_IRQHandler               
0000088b  PSS_IRQHandler                 
0000088b  PendSV_Handler                 
0000088b  RTC_C_IRQHandler               
0000087f  Reset_Handler                  
UNDEFED   SHT$$INIT_ARRAY$$Base          
UNDEFED   SHT$$INIT_ARRAY$$Limit         
0000088b  SVC_Handler                    
0000088b  SysTick_Handler                
2000005c  SystemCoreClock                
000000e5  SystemCoreClockUpdate          
00000359  SystemInit                     
0000088b  T32_INT1_IRQHandler            
0000088b  T32_INT2_IRQHandler            
0000088b  T32_INTC_IRQHandler            
0000088b  TA0_0_IRQHandler               
0000088b  TA0_N_IRQHandler               
0000088b  TA1_0_IRQHandler               
0000088b  TA1_N_IRQHandler               
0000088b  TA2_0_IRQHandler               
0000088b  TA2_N_IRQHandler               
0000088b  TA3_0_IRQHandler               
0000088b  TA3_N_IRQHandler               
0000088b  UsageFault_Handler             
4000480c  WDTCTL_SYM                     
0000088b  WDT_A_IRQHandler               
20010000  __STACK_END                    
00000200  __STACK_SIZE                   
000008cc  __TI_CINIT_Base                
000008dc  __TI_CINIT_Limit               
000008c4  __TI_Handler_Table_Base        
000008cc  __TI_Handler_Table_Limit       
00000649  __TI_auto_init                 
20000044  __TI_cleanup_ptr               
00000871  __TI_decompress_none           
0000088d  __TI_decompress_rle24          
20000048  __TI_dtors_ptr                 
2000004c  __TI_enable_exit_profile_output
ffffffff  __TI_pprof_out_hndl            
ffffffff  __TI_prof_data_size            
ffffffff  __TI_prof_data_start           
00000000  __TI_static_base__             
000005cd  __aeabi_memclr                 
000005cd  __aeabi_memclr4                
000005cd  __aeabi_memclr8                
00000531  __aeabi_memcpy                 
00000531  __aeabi_memcpy4                
00000531  __aeabi_memcpy8                
000005cf  __aeabi_memset                 
000005cf  __aeabi_memset4                
000005cf  __aeabi_memset8                
ffffffff  __binit__                      
ffffffff  __c_args__                     
00000647  __mpu_init                     
2000fe00  __stack                        
00000845  _args_main                     
00000725  _c_int00                       
20000050  _lock                          
0000086b  _nop                           
00000863  _register_lock                 
0000085d  _register_unlock               
00000723  _system_post_cinit             
00000893  _system_pre_init               
20000054  _unlock                        
0000077d  abort                          
ffffffff  binit                          
000007cd  copy_in                        
00000785  exit                           
00000000  interruptVectors               
0000081d  main                           
20000058  main_func_sp                   
00000531  memcpy                         
000005d5  memset                         


GLOBAL SYMBOLS: SORTED BY Symbol Address 

address   name                           
-------   ----                           
00000000  __TI_static_base__             
00000000  interruptVectors               
000000e5  SystemCoreClockUpdate          
00000200  __STACK_SIZE                   
00000359  SystemInit                     
00000439  ConfigureADC                   
00000489  ADC14_IRQHandler               
00000489  ADC14_IRQHandler               
00000531  __aeabi_memcpy                 
00000531  __aeabi_memcpy4                
00000531  __aeabi_memcpy8                
00000531  memcpy                         
000005cd  __aeabi_memclr                 
000005cd  __aeabi_memclr4                
000005cd  __aeabi_memclr8                
000005cf  __aeabi_memset                 
000005cf  __aeabi_memset4                
000005cf  __aeabi_memset8                
000005d5  memset                         
00000647  __mpu_init                     
00000649  __TI_auto_init                 
00000723  _system_post_cinit             
00000725  _c_int00                       
00000779  C$$EXIT                        
0000077d  abort                          
00000785  exit                           
000007cd  copy_in                        
0000081d  main                           
00000845  _args_main                     
0000085d  _register_unlock               
00000863  _register_lock                 
0000086b  _nop                           
00000871  __TI_decompress_none           
0000087f  Reset_Handler                  
0000088b  AES256_IRQHandler              
0000088b  BusFault_Handler               
0000088b  COMP_E0_IRQHandler             
0000088b  COMP_E1_IRQHandler             
0000088b  CS_IRQHandler                  
0000088b  DMA_ERR_IRQHandler             
0000088b  DMA_INT0_IRQHandler            
0000088b  DMA_INT1_IRQHandler            
0000088b  DMA_INT2_IRQHandler            
0000088b  DMA_INT3_IRQHandler            
0000088b  DebugMon_Handler               
0000088b  Default_Handler                
0000088b  EUSCIA0_IRQHandler             
0000088b  EUSCIA1_IRQHandler             
0000088b  EUSCIA2_IRQHandler             
0000088b  EUSCIA3_IRQHandler             
0000088b  EUSCIB0_IRQHandler             
0000088b  EUSCIB1_IRQHandler             
0000088b  EUSCIB2_IRQHandler             
0000088b  EUSCIB3_IRQHandler             
0000088b  FLCTL_IRQHandler               
0000088b  FPU_IRQHandler                 
0000088b  HardFault_Handler              
0000088b  MemManage_Handler              
0000088b  NMI_Handler                    
0000088b  PCM_IRQHandler                 
0000088b  PORT1_IRQHandler               
0000088b  PORT2_IRQHandler               
0000088b  PORT3_IRQHandler               
0000088b  PORT4_IRQHandler               
0000088b  PORT5_IRQHandler               
0000088b  PORT6_IRQHandler               
0000088b  PSS_IRQHandler                 
0000088b  PendSV_Handler                 
0000088b  RTC_C_IRQHandler               
0000088b  SVC_Handler                    
0000088b  SysTick_Handler                
0000088b  T32_INT1_IRQHandler            
0000088b  T32_INT2_IRQHandler            
0000088b  T32_INTC_IRQHandler            
0000088b  TA0_0_IRQHandler               
0000088b  TA0_N_IRQHandler               
0000088b  TA1_0_IRQHandler               
0000088b  TA1_N_IRQHandler               
0000088b  TA2_0_IRQHandler               
0000088b  TA2_N_IRQHandler               
0000088b  TA3_0_IRQHandler               
0000088b  TA3_N_IRQHandler               
0000088b  UsageFault_Handler             
0000088b  WDT_A_IRQHandler               
0000088d  __TI_decompress_rle24          
00000893  _system_pre_init               
000008c4  __TI_Handler_Table_Base        
000008cc  __TI_CINIT_Base                
000008cc  __TI_Handler_Table_Limit       
000008dc  __TI_CINIT_Limit               
20000000  A0results                      
20000010  A1results                      
20000020  A2results                      
20000030  A3results                      
20000044  __TI_cleanup_ptr               
20000048  __TI_dtors_ptr                 
2000004c  __TI_enable_exit_profile_output
20000050  _lock                          
20000054  _unlock                        
20000058  main_func_sp                   
2000005c  SystemCoreClock                
2000fe00  __stack                        
20010000  __STACK_END                    
4000480c  WDTCTL_SYM                     
ffffffff  __TI_pprof_out_hndl            
ffffffff  __TI_prof_data_size            
ffffffff  __TI_prof_data_start           
ffffffff  __binit__                      
ffffffff  __c_args__                     
ffffffff  binit                          
UNDEFED   SHT$$INIT_ARRAY$$Base          
UNDEFED   SHT$$INIT_ARRAY$$Limit         

[112 symbols]
