******************************************************************************
                  TI ARM Linker PC v15.12.7                    
******************************************************************************
>> Linked Mon Nov 05 14:52:26 2018

OUTPUT FILE NAME:   <Crapstone_v1.out>
ENTRY POINT SYMBOL: "_c_int00"  address: 00000949


MEMORY CONFIGURATION

         name            origin    length      used     unused   attr    fill
----------------------  --------  ---------  --------  --------  ----  --------
  MAIN                  00000000   00040000  00000afa  0003f506  R  X
  INFO                  00200000   00004000  00000000  00004000  R  X
  SRAM_CODE             01000000   00010000  000002c0  0000fd40  RW X
  SRAM_DATA             20000000   00010000  000002c0  0000fd40  RW  


SEGMENT ALLOCATION MAP

run origin  load origin   length   init length attrs members
----------  ----------- ---------- ----------- ----- -------
00000000    00000000    00000afc   00000afc    r-x
  00000000    00000000    000000e4   000000e4    r-- .intvecs
  000000e4    000000e4    000009d2   000009d2    r-x .text
  00000ab8    00000ab8    00000044   00000044    r-- .cinit
20000000    20000000    000000c0   00000000    rw-
  20000000    20000000    000000a4   00000000    rw- .bss
  200000a4    200000a4    0000001c   00000000    rw- .data
2000fe00    2000fe00    00000200   00000000    rw-
  2000fe00    2000fe00    00000200   00000000    rw- .stack


SECTION ALLOCATION MAP

 output                                  attributes/
section   page    origin      length       input sections
--------  ----  ----------  ----------   ----------------
.intvecs   0    00000000    000000e4     
                  00000000    000000e4     startup_msp432p401r_ccs.obj (.intvecs:retain)

.binit     0    00000000    00000000     

.text      0    000000e4    000009d2     
                  000000e4    0000032c     system_msp432p401r.obj (.text)
                  00000410    00000210     adc.obj (.text)
                  00000620    00000134     dac.obj (.text)
                  00000754    0000009c     rtsv7M4_T_le_v4SPD16_eabi.lib : memcpy_t2.obj (.text)
                  000007f0    0000007a                                   : memset_t2.obj (.text)
                  0000086a    00000002                                   : mpu_init.obj (.text)
                  0000086c    00000070                                   : autoinit.obj (.text)
                  000008dc    0000006a                                   : copy_decompress_rle.obj (.text)
                  00000946    00000002                                   : startup.obj (.text)
                  00000948    00000054                                   : boot.obj (.text)
                  0000099c    00000054                                   : exit.obj (.text)
                  000009f0    0000004c                                   : cpy_tbl.obj (.text)
                  00000a3c    00000028     main.obj (.text)
                  00000a64    00000018     rtsv7M4_T_le_v4SPD16_eabi.lib : args_main.obj (.text)
                  00000a7c    00000014                                   : _lock.obj (.text)
                  00000a90    0000000e                                   : copy_decompress_none.obj (.text:decompress:none)
                  00000a9e    0000000e     startup_msp432p401r_ccs.obj (.text)
                  00000aac    00000006     rtsv7M4_T_le_v4SPD16_eabi.lib : copy_decompress_rle.obj (.text:decompress:rle24)
                  00000ab2    00000004                                   : pre_init.obj (.text)

.cinit     0    00000ab8    00000044     
                  00000ab8    0000001a     (.cinit..data.load) [load image, compression = rle]
                  00000ad2    00000006     --HOLE-- [fill = 0]
                  00000ad8    00000009     (.cinit..bss.load) [load image, compression = rle]
                  00000ae1    00000003     --HOLE-- [fill = 0]
                  00000ae4    00000008     (__TI_handler_table)
                  00000aec    00000010     (__TI_cinit_table)

.init_array 
*          0    00000000    00000000     UNINITIALIZED

.bss       0    20000000    000000a4     UNINITIALIZED
                  20000000    00000020     (.common:middle)
                  20000020    00000020     (.common:pinky)
                  20000040    00000020     (.common:pointer)
                  20000060    00000020     (.common:ring)
                  20000080    00000004     adc.obj (.bss)
                  20000084    00000004     (.common:middlesum)
                  20000088    00000004     (.common:middleval)
                  2000008c    00000004     (.common:pinkysum)
                  20000090    00000004     (.common:pinkyval)
                  20000094    00000004     (.common:pointersum)
                  20000098    00000004     (.common:pointerval)
                  2000009c    00000004     (.common:ringsum)
                  200000a0    00000004     (.common:ringval)

.data      0    200000a4    0000001c     UNINITIALIZED
                  200000a4    0000000c     rtsv7M4_T_le_v4SPD16_eabi.lib : exit.obj (.data:$O1$$)
                  200000b0    00000008                                   : _lock.obj (.data:$O1$$)
                  200000b8    00000004                                   : stkdepth_vars.obj (.data)
                  200000bc    00000004     system_msp432p401r.obj (.data)

.stack     0    2000fe00    00000200     UNINITIALIZED
                  2000fe00    00000200     --HOLE--

MODULE SUMMARY

       Module                        code   ro data   rw data
       ------                        ----   -------   -------
    .\
       system_msp432p401r.obj        812    0         8      
       adc.obj                       528    0         8      
       main.obj                      40     0         320    
       dac.obj                       308    0         0      
       startup_msp432p401r_ccs.obj   14     228       0      
    +--+-----------------------------+------+---------+---------+
       Total:                        1702   228       336    
                                                             
    C:\ti\ccsv6\tools\compiler\ti-cgt-arm_15.12.7.LTS\lib\rtsv7M4_T_le_v4SPD16_eabi.lib
       memcpy_t2.obj                 156    0         0      
       memset_t2.obj                 122    0         0      
       autoinit.obj                  112    0         0      
       copy_decompress_rle.obj       112    0         0      
       exit.obj                      84     0         24     
       boot.obj                      84     0         0      
       cpy_tbl.obj                   76     0         0      
       _lock.obj                     20     0         16     
       args_main.obj                 24     0         0      
       copy_decompress_none.obj      14     0         0      
       stkdepth_vars.obj             0      0         8      
       pre_init.obj                  4      0         0      
       mpu_init.obj                  2      0         0      
       startup.obj                   2      0         0      
    +--+-----------------------------+------+---------+---------+
       Total:                        812    0         48     
                                                             
       Stack:                        0      0         1024   
       Linker Generated:             0      59        0      
    +--+-----------------------------+------+---------+---------+
       Grand Total:                  2514   287       1408   


LINKER GENERATED COPY TABLES

__TI_cinit_table @ 00000aec records: 2, size/record: 8, table size: 16
	.data: load addr=00000ab8, load size=0000001a bytes, run addr=200000a4, run size=0000001c bytes, compression=rle
	.bss: load addr=00000ad8, load size=00000009 bytes, run addr=20000000, run size=000000a4 bytes, compression=rle


LINKER GENERATED HANDLER TABLE

__TI_handler_table @ 00000ae4 records: 2, size/record: 4, table size: 8
	index: 0, handler: __TI_decompress_rle24
	index: 1, handler: __TI_decompress_none


GLOBAL SYMBOLS: SORTED ALPHABETICALLY BY Name 

address   name                           
-------   ----                           
0000049d  ADC14_IRQHandler               
0000049d  ADC14_IRQHandler               
00000aab  AES256_IRQHandler              
00000aab  BusFault_Handler               
0000099d  C$$EXIT                        
00000aab  COMP_E0_IRQHandler             
00000aab  COMP_E1_IRQHandler             
00000aab  CS_IRQHandler                  
00000439  ConfigureADC                   
00000aab  DMA_ERR_IRQHandler             
00000aab  DMA_INT0_IRQHandler            
00000aab  DMA_INT1_IRQHandler            
00000aab  DMA_INT2_IRQHandler            
00000aab  DMA_INT3_IRQHandler            
00000aab  DebugMon_Handler               
00000aab  Default_Handler                
00000aab  EUSCIA0_IRQHandler             
00000aab  EUSCIA1_IRQHandler             
00000aab  EUSCIA2_IRQHandler             
00000aab  EUSCIA3_IRQHandler             
00000aab  EUSCIB0_IRQHandler             
00000aab  EUSCIB1_IRQHandler             
00000aab  EUSCIB2_IRQHandler             
00000aab  EUSCIB3_IRQHandler             
00000aab  FLCTL_IRQHandler               
00000aab  FPU_IRQHandler                 
00000aab  HardFault_Handler              
00000aab  MemManage_Handler              
00000aab  NMI_Handler                    
00000aab  PCM_IRQHandler                 
00000aab  PORT1_IRQHandler               
00000aab  PORT2_IRQHandler               
00000aab  PORT3_IRQHandler               
00000aab  PORT4_IRQHandler               
00000aab  PORT5_IRQHandler               
00000aab  PORT6_IRQHandler               
00000aab  PSS_IRQHandler                 
00000aab  PendSV_Handler                 
00000aab  RTC_C_IRQHandler               
00000a9f  Reset_Handler                  
UNDEFED   SHT$$INIT_ARRAY$$Base          
UNDEFED   SHT$$INIT_ARRAY$$Limit         
00000aab  SVC_Handler                    
00000aab  SysTick_Handler                
200000bc  SystemCoreClock                
000000e5  SystemCoreClockUpdate          
00000359  SystemInit                     
00000aab  T32_INT1_IRQHandler            
00000aab  T32_INT2_IRQHandler            
00000aab  T32_INTC_IRQHandler            
00000aab  TA0_0_IRQHandler               
00000aab  TA0_N_IRQHandler               
00000aab  TA1_0_IRQHandler               
00000aab  TA1_N_IRQHandler               
00000aab  TA2_0_IRQHandler               
00000aab  TA2_N_IRQHandler               
00000aab  TA3_0_IRQHandler               
00000aab  TA3_N_IRQHandler               
00000aab  UsageFault_Handler             
4000480c  WDTCTL_SYM                     
00000aab  WDT_A_IRQHandler               
20010000  __STACK_END                    
00000200  __STACK_SIZE                   
00000aec  __TI_CINIT_Base                
00000afc  __TI_CINIT_Limit               
00000ae4  __TI_Handler_Table_Base        
00000aec  __TI_Handler_Table_Limit       
0000086d  __TI_auto_init                 
200000a4  __TI_cleanup_ptr               
00000a91  __TI_decompress_none           
00000aad  __TI_decompress_rle24          
200000a8  __TI_dtors_ptr                 
200000ac  __TI_enable_exit_profile_output
ffffffff  __TI_pprof_out_hndl            
ffffffff  __TI_prof_data_size            
ffffffff  __TI_prof_data_start           
00000000  __TI_static_base__             
000007f1  __aeabi_memclr                 
000007f1  __aeabi_memclr4                
000007f1  __aeabi_memclr8                
00000755  __aeabi_memcpy                 
00000755  __aeabi_memcpy4                
00000755  __aeabi_memcpy8                
000007f3  __aeabi_memset                 
000007f3  __aeabi_memset4                
000007f3  __aeabi_memset8                
ffffffff  __binit__                      
ffffffff  __c_args__                     
0000086b  __mpu_init                     
2000fe00  __stack                        
00000a65  _args_main                     
00000949  _c_int00                       
200000b0  _lock                          
00000a8b  _nop                           
00000a83  _register_lock                 
00000a7d  _register_unlock               
00000947  _system_post_cinit             
00000ab3  _system_pre_init               
200000b4  _unlock                        
000009a1  abort                          
ffffffff  binit                          
000009f1  copy_in                        
000009a9  exit                           
00000621  initializeSPIDAC               
00000000  interruptVectors               
00000a41  main                           
200000b8  main_func_sp                   
00000755  memcpy                         
000007f9  memset                         
20000000  middle                         
20000084  middlesum                      
20000088  middleval                      
20000020  pinky                          
2000008c  pinkysum                       
20000090  pinkyval                       
20000040  pointer                        
20000094  pointersum                     
20000098  pointerval                     
20000060  ring                           
2000009c  ringsum                        
200000a0  ringval                        
00000647  sendByteDAC                    
0000069d  sendDACinfo                    


GLOBAL SYMBOLS: SORTED BY Symbol Address 

address   name                           
-------   ----                           
00000000  __TI_static_base__             
00000000  interruptVectors               
000000e5  SystemCoreClockUpdate          
00000200  __STACK_SIZE                   
00000359  SystemInit                     
00000439  ConfigureADC                   
0000049d  ADC14_IRQHandler               
0000049d  ADC14_IRQHandler               
00000621  initializeSPIDAC               
00000647  sendByteDAC                    
0000069d  sendDACinfo                    
00000755  __aeabi_memcpy                 
00000755  __aeabi_memcpy4                
00000755  __aeabi_memcpy8                
00000755  memcpy                         
000007f1  __aeabi_memclr                 
000007f1  __aeabi_memclr4                
000007f1  __aeabi_memclr8                
000007f3  __aeabi_memset                 
000007f3  __aeabi_memset4                
000007f3  __aeabi_memset8                
000007f9  memset                         
0000086b  __mpu_init                     
0000086d  __TI_auto_init                 
00000947  _system_post_cinit             
00000949  _c_int00                       
0000099d  C$$EXIT                        
000009a1  abort                          
000009a9  exit                           
000009f1  copy_in                        
00000a41  main                           
00000a65  _args_main                     
00000a7d  _register_unlock               
00000a83  _register_lock                 
00000a8b  _nop                           
00000a91  __TI_decompress_none           
00000a9f  Reset_Handler                  
00000aab  AES256_IRQHandler              
00000aab  BusFault_Handler               
00000aab  COMP_E0_IRQHandler             
00000aab  COMP_E1_IRQHandler             
00000aab  CS_IRQHandler                  
00000aab  DMA_ERR_IRQHandler             
00000aab  DMA_INT0_IRQHandler            
00000aab  DMA_INT1_IRQHandler            
00000aab  DMA_INT2_IRQHandler            
00000aab  DMA_INT3_IRQHandler            
00000aab  DebugMon_Handler               
00000aab  Default_Handler                
00000aab  EUSCIA0_IRQHandler             
00000aab  EUSCIA1_IRQHandler             
00000aab  EUSCIA2_IRQHandler             
00000aab  EUSCIA3_IRQHandler             
00000aab  EUSCIB0_IRQHandler             
00000aab  EUSCIB1_IRQHandler             
00000aab  EUSCIB2_IRQHandler             
00000aab  EUSCIB3_IRQHandler             
00000aab  FLCTL_IRQHandler               
00000aab  FPU_IRQHandler                 
00000aab  HardFault_Handler              
00000aab  MemManage_Handler              
00000aab  NMI_Handler                    
00000aab  PCM_IRQHandler                 
00000aab  PORT1_IRQHandler               
00000aab  PORT2_IRQHandler               
00000aab  PORT3_IRQHandler               
00000aab  PORT4_IRQHandler               
00000aab  PORT5_IRQHandler               
00000aab  PORT6_IRQHandler               
00000aab  PSS_IRQHandler                 
00000aab  PendSV_Handler                 
00000aab  RTC_C_IRQHandler               
00000aab  SVC_Handler                    
00000aab  SysTick_Handler                
00000aab  T32_INT1_IRQHandler            
00000aab  T32_INT2_IRQHandler            
00000aab  T32_INTC_IRQHandler            
00000aab  TA0_0_IRQHandler               
00000aab  TA0_N_IRQHandler               
00000aab  TA1_0_IRQHandler               
00000aab  TA1_N_IRQHandler               
00000aab  TA2_0_IRQHandler               
00000aab  TA2_N_IRQHandler               
00000aab  TA3_0_IRQHandler               
00000aab  TA3_N_IRQHandler               
00000aab  UsageFault_Handler             
00000aab  WDT_A_IRQHandler               
00000aad  __TI_decompress_rle24          
00000ab3  _system_pre_init               
00000ae4  __TI_Handler_Table_Base        
00000aec  __TI_CINIT_Base                
00000aec  __TI_Handler_Table_Limit       
00000afc  __TI_CINIT_Limit               
20000000  middle                         
20000020  pinky                          
20000040  pointer                        
20000060  ring                           
20000084  middlesum                      
20000088  middleval                      
2000008c  pinkysum                       
20000090  pinkyval                       
20000094  pointersum                     
20000098  pointerval                     
2000009c  ringsum                        
200000a0  ringval                        
200000a4  __TI_cleanup_ptr               
200000a8  __TI_dtors_ptr                 
200000ac  __TI_enable_exit_profile_output
200000b0  _lock                          
200000b4  _unlock                        
200000b8  main_func_sp                   
200000bc  SystemCoreClock                
2000fe00  __stack                        
20010000  __STACK_END                    
4000480c  WDTCTL_SYM                     
ffffffff  __TI_pprof_out_hndl            
ffffffff  __TI_prof_data_size            
ffffffff  __TI_prof_data_start           
ffffffff  __binit__                      
ffffffff  __c_args__                     
ffffffff  binit                          
UNDEFED   SHT$$INIT_ARRAY$$Base          
UNDEFED   SHT$$INIT_ARRAY$$Limit         

[123 symbols]
