******************************************************************************
                  TI ARM Linker PC v15.12.7                    
******************************************************************************
>> Linked Tue Nov 27 17:04:58 2018

OUTPUT FILE NAME:   <Crapstone_v1.out>
ENTRY POINT SYMBOL: "_c_int00"  address: 00001bad


MEMORY CONFIGURATION

         name            origin    length      used     unused   attr    fill
----------------------  --------  ---------  --------  --------  ----  --------
  MAIN                  00000000   00040000  00001e7e  0003e182  R  X
  INFO                  00200000   00004000  00000000  00004000  R  X
  SRAM_CODE             01000000   00010000  000003d4  0000fc2c  RW X
  SRAM_DATA             20000000   00010000  000003d4  0000fc2c  RW  


SEGMENT ALLOCATION MAP

run origin  load origin   length   init length attrs members
----------  ----------- ---------- ----------- ----- -------
00000000    00000000    00001e84   00001e84    r-x
  00000000    00000000    000000e4   000000e4    r-- .intvecs
  000000e4    000000e4    00001c4e   00001c4e    r-x .text
  00001d34    00001d34    000000c8   000000c8    r-- .const
  00001e00    00001e00    00000084   00000084    r-- .cinit
20000000    20000000    000001d4   00000000    rw-
  20000000    20000000    000000e4   00000000    rw- .vtable
  200000e4    200000e4    000000a4   00000000    rw- .bss
  20000188    20000188    0000004c   00000000    rw- .data
2000fe00    2000fe00    00000200   00000000    rw-
  2000fe00    2000fe00    00000200   00000000    rw- .stack


SECTION ALLOCATION MAP

 output                                  attributes/
section   page    origin      length       input sections
--------  ----  ----------  ----------   ----------------
.intvecs   0    00000000    000000e4     
                  00000000    000000e4     startup_msp432p401r_ccs.obj (.intvecs:retain)

.binit     0    00000000    00000000     

.text      0    000000e4    00001c4e     
                  000000e4    000008a4     spi.obj (.text)
                  00000988    00000480     gpio.obj (.text)
                  00000e08    000003f0     interrupt.obj (.text)
                  000011f8    0000032c     system_msp432p401r.obj (.text)
                  00001524    00000210     adc.obj (.text)
                  00001734    0000012c     dac.obj (.text)
                  00001860    000000e4     main.obj (.text)
                  00001944    0000009c     rtsv7M4_T_le_v4SPD16_eabi.lib : memcpy_t2.obj (.text)
                  000019e0    0000007a                                   : memset_t2.obj (.text)
                  00001a5a    00000002                                   : mpu_init.obj (.text)
                  00001a5c    00000074     acl.obj (.text)
                  00001ad0    00000070     rtsv7M4_T_le_v4SPD16_eabi.lib : autoinit.obj (.text)
                  00001b40    0000006a                                   : copy_decompress_rle.obj (.text)
                  00001baa    00000002                                   : startup.obj (.text)
                  00001bac    00000054                                   : boot.obj (.text)
                  00001c00    00000054                                   : exit.obj (.text)
                  00001c54    0000004c                                   : cpy_tbl.obj (.text)
                  00001ca0    0000003e     cpu.obj (.text)
                  00001cde    00000002     --HOLE-- [fill = 0]
                  00001ce0    00000018     rtsv7M4_T_le_v4SPD16_eabi.lib : args_main.obj (.text)
                  00001cf8    00000014                                   : _lock.obj (.text)
                  00001d0c    0000000e                                   : copy_decompress_none.obj (.text:decompress:none)
                  00001d1a    0000000e     startup_msp432p401r_ccs.obj (.text)
                  00001d28    00000006     rtsv7M4_T_le_v4SPD16_eabi.lib : copy_decompress_rle.obj (.text:decompress:rle24)
                  00001d2e    00000004                                   : pre_init.obj (.text)

.const     0    00001d34    000000c8     
                  00001d34    00000050     interrupt.obj (.const:g_pulRegs)
                  00001d84    00000020     interrupt.obj (.const:g_pulPriority)
                  00001da4    0000001c     gpio.obj (.const:GPIO_PORT_TO_INT)
                  00001dc0    0000001c     main.obj (.const:spiMasterConfig)
                  00001ddc    00000008     interrupt.obj (.const:g_pulDisRegs)
                  00001de4    00000008     interrupt.obj (.const:g_pulEnRegs)
                  00001dec    00000008     interrupt.obj (.const:g_pulPendRegs)
                  00001df4    00000008     interrupt.obj (.const:g_pulUnpendRegs)

.cinit     0    00001e00    00000084     
                  00001e00    00000048     (.cinit..data.load) [load image, compression = rle]
                  00001e48    00000009     (.cinit..bss.load) [load image, compression = rle]
                  00001e51    00000007     --HOLE-- [fill = 0]
                  00001e58    00000009     (.cinit..vtable.load) [load image, compression = rle]
                  00001e61    00000003     --HOLE-- [fill = 0]
                  00001e64    00000008     (__TI_handler_table)
                  00001e6c    00000018     (__TI_cinit_table)

.init_array 
*          0    00000000    00000000     UNINITIALIZED

.vtable    0    20000000    000000e4     UNINITIALIZED
                  20000000    000000e4     interrupt.obj (.vtable)

.bss       0    200000e4    000000a4     UNINITIALIZED
                  200000e4    00000020     (.common:middle)
                  20000104    00000020     (.common:pinky)
                  20000124    00000020     (.common:pointer)
                  20000144    00000020     (.common:ring)
                  20000164    00000004     adc.obj (.bss)
                  20000168    00000004     (.common:middlesum)
                  2000016c    00000004     (.common:middleval)
                  20000170    00000004     (.common:pinkysum)
                  20000174    00000004     (.common:pinkyval)
                  20000178    00000004     (.common:pointersum)
                  2000017c    00000004     (.common:pointerval)
                  20000180    00000004     (.common:ringsum)
                  20000184    00000004     (.common:ringval)

.data      0    20000188    0000004c     UNINITIALIZED
                  20000188    00000030     gpio.obj (.data:GPIO_PORT_TO_BASE)
                  200001b8    0000000c     rtsv7M4_T_le_v4SPD16_eabi.lib : exit.obj (.data:$O1$$)
                  200001c4    00000008                                   : _lock.obj (.data:$O1$$)
                  200001cc    00000004                                   : stkdepth_vars.obj (.data)
                  200001d0    00000004     system_msp432p401r.obj (.data)

.stack     0    2000fe00    00000200     UNINITIALIZED
                  2000fe00    00000200     --HOLE--

MODULE SUMMARY

       Module                        code   ro data   rw data
       ------                        ----   -------   -------
    .\
       spi.obj                       2212   0         0      
       interrupt.obj                 1008   144       456    
       gpio.obj                      1152   28        96     
       system_msp432p401r.obj        812    0         8      
       main.obj                      228    28        320    
       adc.obj                       528    0         8      
       dac.obj                       300    0         0      
       startup_msp432p401r_ccs.obj   14     228       0      
       acl.obj                       116    0         0      
       cpu.obj                       62     0         0      
    +--+-----------------------------+------+---------+---------+
       Total:                        6432   428       888    
                                                             
    C:\ti\ccsv6\tools\compiler\ti-cgt-arm_15.12.7.LTS\lib\rtsv7M4_T_le_v4SPD16_eabi.lib
       memcpy_t2.obj                 156    0         0      
       memset_t2.obj                 122    0         0      
       autoinit.obj                  112    0         0      
       copy_decompress_rle.obj       112    0         0      
       exit.obj                      84     0         24     
       boot.obj                      84     0         0      
       cpy_tbl.obj                   76     0         0      
       _lock.obj                     20     0         16     
       args_main.obj                 24     0         0      
       copy_decompress_none.obj      14     0         0      
       stkdepth_vars.obj             0      0         8      
       pre_init.obj                  4      0         0      
       mpu_init.obj                  2      0         0      
       startup.obj                   2      0         0      
    +--+-----------------------------+------+---------+---------+
       Total:                        812    0         48     
                                                             
       Stack:                        0      0         1024   
       Linker Generated:             0      122       0      
    +--+-----------------------------+------+---------+---------+
       Grand Total:                  7244   550       1960   


LINKER GENERATED COPY TABLES

__TI_cinit_table @ 00001e6c records: 3, size/record: 8, table size: 24
	.data: load addr=00001e00, load size=00000048 bytes, run addr=20000188, run size=0000004c bytes, compression=rle
	.bss: load addr=00001e48, load size=00000009 bytes, run addr=200000e4, run size=000000a4 bytes, compression=rle
	.vtable: load addr=00001e58, load size=00000009 bytes, run addr=20000000, run size=000000e4 bytes, compression=rle


LINKER GENERATED HANDLER TABLE

__TI_handler_table @ 00001e64 records: 2, size/record: 4, table size: 8
	index: 0, handler: __TI_decompress_rle24
	index: 1, handler: __TI_decompress_none


GLOBAL SYMBOLS: SORTED ALPHABETICALLY BY Name 

address   name                                       
-------   ----                                       
000015b1  ADC14_IRQHandler                           
000015b1  ADC14_IRQHandler                           
00001d27  AES256_IRQHandler                          
00001d27  BusFault_Handler                           
00001c01  C$$EXIT                                    
00001d27  COMP_E0_IRQHandler                         
00001d27  COMP_E1_IRQHandler                         
00001cd5  CPU_basepriGet                             
00001cc7  CPU_basepriSet                             
00001ca1  CPU_cpsid                                  
00001cb7  CPU_cpsie                                  
00001cad  CPU_primask                                
00001cc3  CPU_wfi                                    
00001d27  CS_IRQHandler                              
0000154d  ConfigureADC                               
00001d27  DMA_ERR_IRQHandler                         
00001d27  DMA_INT0_IRQHandler                        
00001d27  DMA_INT1_IRQHandler                        
00001d27  DMA_INT2_IRQHandler                        
00001d27  DMA_INT3_IRQHandler                        
00001d27  DebugMon_Handler                           
00001d27  Default_Handler                            
00001d27  EUSCIA0_IRQHandler                         
00001d27  EUSCIA1_IRQHandler                         
00001d27  EUSCIA2_IRQHandler                         
00001d27  EUSCIA3_IRQHandler                         
00001d27  EUSCIB0_IRQHandler                         
00001d27  EUSCIB1_IRQHandler                         
00001d27  EUSCIB2_IRQHandler                         
00001d27  EUSCIB3_IRQHandler                         
00000853  EUSCI_A_SPI_changeClockPhasePolarity       
00000907  EUSCI_A_SPI_clearInterruptFlag             
00000937  EUSCI_A_SPI_disable                        
000008d5  EUSCI_A_SPI_disableInterrupt               
00000921  EUSCI_A_SPI_enable                         
000008bb  EUSCI_A_SPI_enableInterrupt                
000008ef  EUSCI_A_SPI_getInterruptStatus             
0000094d  EUSCI_A_SPI_getReceiveBufferAddressForDMA  
0000095b  EUSCI_A_SPI_getTransmitBufferAddressForDMA 
00000969  EUSCI_A_SPI_isBusy                         
000007d3  EUSCI_A_SPI_masterChangeClock              
000008ab  EUSCI_A_SPI_receiveData                    
000007b3  EUSCI_A_SPI_select4PinFunctionality        
00000809  EUSCI_A_SPI_slaveInit                      
00000895  EUSCI_A_SPI_transmitData                   
00000685  EUSCI_B_SPI_changeClockPhasePolarity       
00000739  EUSCI_B_SPI_clearInterruptFlag             
00000769  EUSCI_B_SPI_disable                        
00000707  EUSCI_B_SPI_disableInterrupt               
00000753  EUSCI_B_SPI_enable                         
000006ed  EUSCI_B_SPI_enableInterrupt                
00000721  EUSCI_B_SPI_getInterruptStatus             
0000077f  EUSCI_B_SPI_getReceiveBufferAddressForDMA  
0000078d  EUSCI_B_SPI_getTransmitBufferAddressForDMA 
0000079b  EUSCI_B_SPI_isBusy                         
00000609  EUSCI_B_SPI_masterChangeClock              
000006dd  EUSCI_B_SPI_receiveData                    
000005e9  EUSCI_B_SPI_select4PinFunctionality        
0000063b  EUSCI_B_SPI_slaveInit                      
000006c7  EUSCI_B_SPI_transmitData                   
00001d27  FLCTL_IRQHandler                           
00001d27  FPU_IRQHandler                             
00000cab  GPIO_clearInterruptFlag                    
00000c6b  GPIO_disableInterrupt                      
00000c49  GPIO_enableInterrupt                       
00000d03  GPIO_getEnabledInterruptStatus             
00000c1b  GPIO_getInputPinValue                      
00000c8d  GPIO_getInterruptStatus                    
00000ccd  GPIO_interruptEdgeSelect                   
00000dc3  GPIO_registerInterrupt                     
000009c3  GPIO_setAsInputPin                         
00000b77  GPIO_setAsInputPinWithPullDownResistor     
00000bc9  GPIO_setAsInputPinWithPullUpResistor       
00000989  GPIO_setAsOutputPin                        
00000a8d  GPIO_setAsPeripheralModuleFunctionInputPin 
00000a09  GPIO_setAsPeripheralModuleFunctionOutputPin
00000d7f  GPIO_setDriveStrengthHigh                  
00000da1  GPIO_setDriveStrengthLow                   
00000b11  GPIO_setOutputHighOnPin                    
00000b33  GPIO_setOutputLowOnPin                     
00000b55  GPIO_toggleOutputOnPin                     
00000de3  GPIO_unregisterInterrupt                   
00001d27  HardFault_Handler                          
00000fcb  Interrupt_disableInterrupt                 
00000e1b  Interrupt_disableMaster                    
000011c9  Interrupt_disableSleepOnIsrExit            
00000f59  Interrupt_enableInterrupt                  
00000e0b  Interrupt_enableMaster                     
000011b7  Interrupt_enableSleepOnIsrExit             
00000f33  Interrupt_getPriority                      
00000eab  Interrupt_getPriorityGrouping              
00001197  Interrupt_getPriorityMask                  
000011b1  Interrupt_getVectorTableAddress            
0000103d  Interrupt_isEnabled                        
000010c9  Interrupt_pendInterrupt                    
00000e2b  Interrupt_registerInterrupt                
00000ee3  Interrupt_setPriority                      
00000e91  Interrupt_setPriorityGrouping              
00001187  Interrupt_setPriorityMask                  
000011a1  Interrupt_setVectorTableAddress            
00001139  Interrupt_unpendInterrupt                  
00000e7d  Interrupt_unregisterInterrupt              
00001d27  MemManage_Handler                          
00001d27  NMI_Handler                                
00001d27  PCM_IRQHandler                             
00001d27  PORT1_IRQHandler                           
00001d27  PORT2_IRQHandler                           
00001d27  PORT3_IRQHandler                           
00001d27  PORT4_IRQHandler                           
00001d27  PORT5_IRQHandler                           
00001d27  PORT6_IRQHandler                           
00001d27  PSS_IRQHandler                             
00001d27  PendSV_Handler                             
00001d27  RTC_C_IRQHandler                           
00001d1b  Reset_Handler                              
UNDEFED   SHT$$INIT_ARRAY$$Base                      
UNDEFED   SHT$$INIT_ARRAY$$Limit                     
000002a7  SPI_changeClockPhasePolarity               
00000201  SPI_changeMasterClock                      
00000459  SPI_clearInterruptFlag                     
000003db  SPI_disableInterrupt                       
00000335  SPI_disableModule                          
000003b5  SPI_enableInterrupt                        
00000319  SPI_enableModule                           
00000429  SPI_getEnabledInterruptStatus              
00000401  SPI_getInterruptStatus                     
00000351  SPI_getReceiveBufferAddressForDMA          
0000036d  SPI_getTransmitBufferAddressForDMA         
00000115  SPI_initMaster                             
00000229  SPI_initSlave                              
00000399  SPI_isBusy                                 
000002fd  SPI_receiveData                            
0000047f  SPI_registerInterrupt                      
000001db  SPI_selectFourPinFunctionality             
000002d7  SPI_transmitData                           
0000053d  SPI_unregisterInterrupt                    
00001d27  SVC_Handler                                
00001d27  SysTick_Handler                            
200001d0  SystemCoreClock                            
000011f9  SystemCoreClockUpdate                      
0000146d  SystemInit                                 
00001d27  T32_INT1_IRQHandler                        
00001d27  T32_INT2_IRQHandler                        
00001d27  T32_INTC_IRQHandler                        
00001d27  TA0_0_IRQHandler                           
00001d27  TA0_N_IRQHandler                           
00001d27  TA1_0_IRQHandler                           
00001d27  TA1_N_IRQHandler                           
00001d27  TA2_0_IRQHandler                           
00001d27  TA2_N_IRQHandler                           
00001d27  TA3_0_IRQHandler                           
00001d27  TA3_N_IRQHandler                           
00001d27  UsageFault_Handler                         
4000480c  WDTCTL_SYM                                 
00001d27  WDT_A_IRQHandler                           
20010000  __STACK_END                                
00000200  __STACK_SIZE                               
00001e6c  __TI_CINIT_Base                            
00001e84  __TI_CINIT_Limit                           
00001e64  __TI_Handler_Table_Base                    
00001e6c  __TI_Handler_Table_Limit                   
00001ad1  __TI_auto_init                             
200001b8  __TI_cleanup_ptr                           
00001d0d  __TI_decompress_none                       
00001d29  __TI_decompress_rle24                      
200001bc  __TI_dtors_ptr                             
200001c0  __TI_enable_exit_profile_output            
ffffffff  __TI_pprof_out_hndl                        
ffffffff  __TI_prof_data_size                        
ffffffff  __TI_prof_data_start                       
00000000  __TI_static_base__                         
000019e1  __aeabi_memclr                             
000019e1  __aeabi_memclr4                            
000019e1  __aeabi_memclr8                            
00001945  __aeabi_memcpy                             
00001945  __aeabi_memcpy4                            
00001945  __aeabi_memcpy8                            
000019e3  __aeabi_memset                             
000019e3  __aeabi_memset4                            
000019e3  __aeabi_memset8                            
ffffffff  __binit__                                  
ffffffff  __c_args__                                 
00001a5b  __mpu_init                                 
2000fe00  __stack                                    
00001ce1  _args_main                                 
00001bad  _c_int00                                   
200001c4  _lock                                      
00001d07  _nop                                       
00001cff  _register_lock                             
00001cf9  _register_unlock                           
00001bab  _system_post_cinit                         
00001d2f  _system_pre_init                           
200001c8  _unlock                                    
00001c05  abort                                      
ffffffff  binit                                      
00001c55  copy_in                                    
00001c0d  exit                                       
20000000  g_pfnRAMVectors                            
00001a5d  initializeSPIACL                           
00001735  initializeSPIDAC                           
00000000  interruptVectors                           
00001865  main                                       
200001cc  main_func_sp                               
00001945  memcpy                                     
000019e9  memset                                     
200000e4  middle                                     
20000168  middlesum                                  
2000016c  middleval                                  
20000104  pinky                                      
20000170  pinkysum                                   
20000174  pinkyval                                   
20000124  pointer                                    
20000178  pointersum                                 
2000017c  pointerval                                 
20000144  ring                                       
20000180  ringsum                                    
20000184  ringval                                    
00001793  sendByteDAC                                
000017a3  sendDACinfo                                
00001dc0  spiMasterConfig                            


GLOBAL SYMBOLS: SORTED BY Symbol Address 

address   name                                       
-------   ----                                       
00000000  __TI_static_base__                         
00000000  interruptVectors                           
00000115  SPI_initMaster                             
000001db  SPI_selectFourPinFunctionality             
00000200  __STACK_SIZE                               
00000201  SPI_changeMasterClock                      
00000229  SPI_initSlave                              
000002a7  SPI_changeClockPhasePolarity               
000002d7  SPI_transmitData                           
000002fd  SPI_receiveData                            
00000319  SPI_enableModule                           
00000335  SPI_disableModule                          
00000351  SPI_getReceiveBufferAddressForDMA          
0000036d  SPI_getTransmitBufferAddressForDMA         
00000399  SPI_isBusy                                 
000003b5  SPI_enableInterrupt                        
000003db  SPI_disableInterrupt                       
00000401  SPI_getInterruptStatus                     
00000429  SPI_getEnabledInterruptStatus              
00000459  SPI_clearInterruptFlag                     
0000047f  SPI_registerInterrupt                      
0000053d  SPI_unregisterInterrupt                    
000005e9  EUSCI_B_SPI_select4PinFunctionality        
00000609  EUSCI_B_SPI_masterChangeClock              
0000063b  EUSCI_B_SPI_slaveInit                      
00000685  EUSCI_B_SPI_changeClockPhasePolarity       
000006c7  EUSCI_B_SPI_transmitData                   
000006dd  EUSCI_B_SPI_receiveData                    
000006ed  EUSCI_B_SPI_enableInterrupt                
00000707  EUSCI_B_SPI_disableInterrupt               
00000721  EUSCI_B_SPI_getInterruptStatus             
00000739  EUSCI_B_SPI_clearInterruptFlag             
00000753  EUSCI_B_SPI_enable                         
00000769  EUSCI_B_SPI_disable                        
0000077f  EUSCI_B_SPI_getReceiveBufferAddressForDMA  
0000078d  EUSCI_B_SPI_getTransmitBufferAddressForDMA 
0000079b  EUSCI_B_SPI_isBusy                         
000007b3  EUSCI_A_SPI_select4PinFunctionality        
000007d3  EUSCI_A_SPI_masterChangeClock              
00000809  EUSCI_A_SPI_slaveInit                      
00000853  EUSCI_A_SPI_changeClockPhasePolarity       
00000895  EUSCI_A_SPI_transmitData                   
000008ab  EUSCI_A_SPI_receiveData                    
000008bb  EUSCI_A_SPI_enableInterrupt                
000008d5  EUSCI_A_SPI_disableInterrupt               
000008ef  EUSCI_A_SPI_getInterruptStatus             
00000907  EUSCI_A_SPI_clearInterruptFlag             
00000921  EUSCI_A_SPI_enable                         
00000937  EUSCI_A_SPI_disable                        
0000094d  EUSCI_A_SPI_getReceiveBufferAddressForDMA  
0000095b  EUSCI_A_SPI_getTransmitBufferAddressForDMA 
00000969  EUSCI_A_SPI_isBusy                         
00000989  GPIO_setAsOutputPin                        
000009c3  GPIO_setAsInputPin                         
00000a09  GPIO_setAsPeripheralModuleFunctionOutputPin
00000a8d  GPIO_setAsPeripheralModuleFunctionInputPin 
00000b11  GPIO_setOutputHighOnPin                    
00000b33  GPIO_setOutputLowOnPin                     
00000b55  GPIO_toggleOutputOnPin                     
00000b77  GPIO_setAsInputPinWithPullDownResistor     
00000bc9  GPIO_setAsInputPinWithPullUpResistor       
00000c1b  GPIO_getInputPinValue                      
00000c49  GPIO_enableInterrupt                       
00000c6b  GPIO_disableInterrupt                      
00000c8d  GPIO_getInterruptStatus                    
00000cab  GPIO_clearInterruptFlag                    
00000ccd  GPIO_interruptEdgeSelect                   
00000d03  GPIO_getEnabledInterruptStatus             
00000d7f  GPIO_setDriveStrengthHigh                  
00000da1  GPIO_setDriveStrengthLow                   
00000dc3  GPIO_registerInterrupt                     
00000de3  GPIO_unregisterInterrupt                   
00000e0b  Interrupt_enableMaster                     
00000e1b  Interrupt_disableMaster                    
00000e2b  Interrupt_registerInterrupt                
00000e7d  Interrupt_unregisterInterrupt              
00000e91  Interrupt_setPriorityGrouping              
00000eab  Interrupt_getPriorityGrouping              
00000ee3  Interrupt_setPriority                      
00000f33  Interrupt_getPriority                      
00000f59  Interrupt_enableInterrupt                  
00000fcb  Interrupt_disableInterrupt                 
0000103d  Interrupt_isEnabled                        
000010c9  Interrupt_pendInterrupt                    
00001139  Interrupt_unpendInterrupt                  
00001187  Interrupt_setPriorityMask                  
00001197  Interrupt_getPriorityMask                  
000011a1  Interrupt_setVectorTableAddress            
000011b1  Interrupt_getVectorTableAddress            
000011b7  Interrupt_enableSleepOnIsrExit             
000011c9  Interrupt_disableSleepOnIsrExit            
000011f9  SystemCoreClockUpdate                      
0000146d  SystemInit                                 
0000154d  ConfigureADC                               
000015b1  ADC14_IRQHandler                           
000015b1  ADC14_IRQHandler                           
00001735  initializeSPIDAC                           
00001793  sendByteDAC                                
000017a3  sendDACinfo                                
00001865  main                                       
00001945  __aeabi_memcpy                             
00001945  __aeabi_memcpy4                            
00001945  __aeabi_memcpy8                            
00001945  memcpy                                     
000019e1  __aeabi_memclr                             
000019e1  __aeabi_memclr4                            
000019e1  __aeabi_memclr8                            
000019e3  __aeabi_memset                             
000019e3  __aeabi_memset4                            
000019e3  __aeabi_memset8                            
000019e9  memset                                     
00001a5b  __mpu_init                                 
00001a5d  initializeSPIACL                           
00001ad1  __TI_auto_init                             
00001bab  _system_post_cinit                         
00001bad  _c_int00                                   
00001c01  C$$EXIT                                    
00001c05  abort                                      
00001c0d  exit                                       
00001c55  copy_in                                    
00001ca1  CPU_cpsid                                  
00001cad  CPU_primask                                
00001cb7  CPU_cpsie                                  
00001cc3  CPU_wfi                                    
00001cc7  CPU_basepriSet                             
00001cd5  CPU_basepriGet                             
00001ce1  _args_main                                 
00001cf9  _register_unlock                           
00001cff  _register_lock                             
00001d07  _nop                                       
00001d0d  __TI_decompress_none                       
00001d1b  Reset_Handler                              
00001d27  AES256_IRQHandler                          
00001d27  BusFault_Handler                           
00001d27  COMP_E0_IRQHandler                         
00001d27  COMP_E1_IRQHandler                         
00001d27  CS_IRQHandler                              
00001d27  DMA_ERR_IRQHandler                         
00001d27  DMA_INT0_IRQHandler                        
00001d27  DMA_INT1_IRQHandler                        
00001d27  DMA_INT2_IRQHandler                        
00001d27  DMA_INT3_IRQHandler                        
00001d27  DebugMon_Handler                           
00001d27  Default_Handler                            
00001d27  EUSCIA0_IRQHandler                         
00001d27  EUSCIA1_IRQHandler                         
00001d27  EUSCIA2_IRQHandler                         
00001d27  EUSCIA3_IRQHandler                         
00001d27  EUSCIB0_IRQHandler                         
00001d27  EUSCIB1_IRQHandler                         
00001d27  EUSCIB2_IRQHandler                         
00001d27  EUSCIB3_IRQHandler                         
00001d27  FLCTL_IRQHandler                           
00001d27  FPU_IRQHandler                             
00001d27  HardFault_Handler                          
00001d27  MemManage_Handler                          
00001d27  NMI_Handler                                
00001d27  PCM_IRQHandler                             
00001d27  PORT1_IRQHandler                           
00001d27  PORT2_IRQHandler                           
00001d27  PORT3_IRQHandler                           
00001d27  PORT4_IRQHandler                           
00001d27  PORT5_IRQHandler                           
00001d27  PORT6_IRQHandler                           
00001d27  PSS_IRQHandler                             
00001d27  PendSV_Handler                             
00001d27  RTC_C_IRQHandler                           
00001d27  SVC_Handler                                
00001d27  SysTick_Handler                            
00001d27  T32_INT1_IRQHandler                        
00001d27  T32_INT2_IRQHandler                        
00001d27  T32_INTC_IRQHandler                        
00001d27  TA0_0_IRQHandler                           
00001d27  TA0_N_IRQHandler                           
00001d27  TA1_0_IRQHandler                           
00001d27  TA1_N_IRQHandler                           
00001d27  TA2_0_IRQHandler                           
00001d27  TA2_N_IRQHandler                           
00001d27  TA3_0_IRQHandler                           
00001d27  TA3_N_IRQHandler                           
00001d27  UsageFault_Handler                         
00001d27  WDT_A_IRQHandler                           
00001d29  __TI_decompress_rle24                      
00001d2f  _system_pre_init                           
00001dc0  spiMasterConfig                            
00001e64  __TI_Handler_Table_Base                    
00001e6c  __TI_CINIT_Base                            
00001e6c  __TI_Handler_Table_Limit                   
00001e84  __TI_CINIT_Limit                           
20000000  g_pfnRAMVectors                            
200000e4  middle                                     
20000104  pinky                                      
20000124  pointer                                    
20000144  ring                                       
20000168  middlesum                                  
2000016c  middleval                                  
20000170  pinkysum                                   
20000174  pinkyval                                   
20000178  pointersum                                 
2000017c  pointerval                                 
20000180  ringsum                                    
20000184  ringval                                    
200001b8  __TI_cleanup_ptr                           
200001bc  __TI_dtors_ptr                             
200001c0  __TI_enable_exit_profile_output            
200001c4  _lock                                      
200001c8  _unlock                                    
200001cc  main_func_sp                               
200001d0  SystemCoreClock                            
2000fe00  __stack                                    
20010000  __STACK_END                                
4000480c  WDTCTL_SYM                                 
ffffffff  __TI_pprof_out_hndl                        
ffffffff  __TI_prof_data_size                        
ffffffff  __TI_prof_data_start                       
ffffffff  __binit__                                  
ffffffff  __c_args__                                 
ffffffff  binit                                      
UNDEFED   SHT$$INIT_ARRAY$$Base                      
UNDEFED   SHT$$INIT_ARRAY$$Limit                     

[220 symbols]
